// Jest Snapshot v1, https://goo.gl/fbAQLP

exports[`AddExpensePage component should render correctly 1`] = `
<div>
  <h2>
    Add Expense
  </h2>
  <ExpenseForm
    onExpenseFormSubmit={[Function]}
  />
</div>
`;
