// Jest Snapshot v1, https://goo.gl/fbAQLP

exports[`EditExpensePage component should render correctly 1`] = `
<div>
  <ExpenseForm
    expense={
      Object {
        "amount": 39.5,
        "createdAt": 0,
        "description": "Description",
        "id": "023-abc",
        "note": "A note",
      }
    }
    onExpenseFormSubmit={[Function]}
  />
  <button
    name="removeExpense"
    onClick={[Function]}
  >
    Remove
  </button>
</div>
`;
