// Jest Snapshot v1, https://goo.gl/fbAQLP

exports[`Header component should render correctly 1`] = `
<header>
  <h1>
    Expensify
  </h1>
  <nav>
    <NavLink
      activeClassName="active"
      aria-current="page"
      exact={true}
      to="/"
    >
      Dashboard
    </NavLink>
    <NavLink
      activeClassName="active"
      aria-current="page"
      to="/create"
    >
      Create Expense
    </NavLink>
    <NavLink
      activeClassName="active"
      aria-current="page"
      to="/help"
    >
      Help Page
    </NavLink>
  </nav>
</header>
`;
