// Jest Snapshot v1, https://goo.gl/fbAQLP

exports[`NotFoundPage component should render correctly 1`] = `
<div>
  <p>
    Error 404
  </p>
  <Link
    replace={false}
    to="/"
  >
    Back to Home
  </Link>
</div>
`;
